// Jest Snapshot v1, https://goo.gl/fbAQLP

exports[`should render an ExpenseListItem 1`] = `
<div>
  <Link
    replace={false}
    to="/edit/1"
  >
    <h3>
      Rent
    </h3>
  </Link>
  <p>
    Amount: 
    150000
  </p>
  <p>
    Create At: 
    0
  </p>
</div>
`;
