// Jest Snapshot v1, https://goo.gl/fbAQLP

exports[`should render ExpenseList with no expenses 1`] = `
<div>
  <p>
    No Expenses
  </p>
</div>
`;

exports[`should render ExpenseList with expenses 1`] = `
<div>
  <ExpenseListItem
    amount={150000}
    createdAt={0}
    description="Rent"
    id="1"
    key="1"
    note=""
  />
  <ExpenseListItem
    amount={9000}
    createdAt={-259200000}
    description="Gas Bill"
    id="2"
    key="2"
    note=""
  />
  <ExpenseListItem
    amount={6500}
    createdAt={259200000}
    description="Water"
    id="3"
    key="3"
    note=""
  />
</div>
`;

