// Jest Snapshot v1, https://goo.gl/fbAQLP

exports[`should render Not found page correctly 1`] = `
<div>
  Oops! 404! 
  <Link
    replace={false}
    to="/"
  >
    Go Home
  </Link>
</div>
`;
